
*** Running vivado
    with args -log design_1_wrapper.vds -m64 -product Vivado -mode batch -messageDb vivado.pb -notrace -source design_1_wrapper.tcl


****** Vivado v2025.1 (64-bit)
  **** SW Build 6140274 on Wed May 21 22:58:25 MDT 2025
  **** IP Build 6138677 on Thu May 22 03:10:11 MDT 2025
  **** SharedData Build 6139179 on Tue May 20 17:58:58 MDT 2025
  **** Start of session at: Wed Aug 19 01:19:18 2026
    ** Copyright 1986-2022 Xilinx, Inc. All Rights Reserved.
    ** Copyright 2022-2025 Advanced Micro Devices, Inc. All Rights Reserved.

source design_1_wrapper.tcl -notrace
INFO: [IP_Flow 19-234] Refreshing IP repositories
INFO: [IP_Flow 19-1700] Loaded user IP repository '/home/mysimp/V_SOCproject/project_1'.
INFO: [IP_Flow 19-2313] Loaded Vivado IP repository '/home/mysimp/Documents/vivado/2025.1/Vivado/data/ip'.
Command: read_checkpoint -auto_incremental -incremental /home/mysimp/RF_project/RF_project.srcs/utils_1/imports/synth_1/top_module.dcp
INFO: [Vivado 12-5825] Read reference checkpoint from /home/mysimp/RF_project/RF_project.srcs/utils_1/imports/synth_1/top_module.dcp for incremental synthesis
INFO: [Vivado 12-7989] Please ensure there are no constraint changes
Command: synth_design -top design_1_wrapper -part xc7z010clg400-1
Starting synth_design
Attempting to get a license for feature 'Synthesis' and/or device 'xc7z010'
INFO: [Common 17-349] Got license for feature 'Synthesis' and/or device 'xc7z010'
INFO: [Device 21-403] Loading part xc7z010clg400-1
INFO: [Synth 8-7079] Multithreading enabled for synth_design using a maximum of 7 processes.
INFO: [Synth 8-7078] Launching helper process for spawning children vivado processes
INFO: [Synth 8-7075] Helper process launched with PID 30632
---------------------------------------------------------------------------------
Starting RTL Elaboration : Time (s): cpu = 00:00:03 ; elapsed = 00:00:03 . Memory (MB): peak = 2121.234 ; gain = 439.742 ; free physical = 11772 ; free virtual = 32398
---------------------------------------------------------------------------------
INFO: [Synth 8-6157] synthesizing module 'design_1_wrapper' [/home/mysimp/RF_project/RF_project.gen/sources_1/bd/design_1/hdl/design_1_wrapper.v:13]
INFO: [Synth 8-6157] synthesizing module 'design_1' [/home/mysimp/RF_project/RF_project.gen/sources_1/bd/design_1/synth/design_1.v:13]
INFO: [Synth 8-6157] synthesizing module 'design_1_processing_system7_0_0' [/home/mysimp/RF_project/RF_project.runs/synth_1/.Xil/Vivado-30577-192/realtime/design_1_processing_system7_0_0_stub.v:6]
INFO: [Synth 8-6155] done synthesizing module 'design_1_processing_system7_0_0' (0#1) [/home/mysimp/RF_project/RF_project.runs/synth_1/.Xil/Vivado-30577-192/realtime/design_1_processing_system7_0_0_stub.v:6]
WARNING: [Synth 8-7071] port 'GPIO_O' of module 'design_1_processing_system7_0_0' is unconnected for instance 'processing_system7_0' [/home/mysimp/RF_project/RF_project.gen/sources_1/bd/design_1/synth/design_1.v:81]
WARNING: [Synth 8-7071] port 'GPIO_T' of module 'design_1_processing_system7_0_0' is unconnected for instance 'processing_system7_0' [/home/mysimp/RF_project/RF_project.gen/sources_1/bd/design_1/synth/design_1.v:81]
WARNING: [Synth 8-7071] port 'SDIO1_CLK' of module 'design_1_processing_system7_0_0' is unconnected for instance 'processing_system7_0' [/home/mysimp/RF_project/RF_project.gen/sources_1/bd/design_1/synth/design_1.v:81]
WARNING: [Synth 8-7071] port 'SDIO1_CMD_O' of module 'design_1_processing_system7_0_0' is unconnected for instance 'processing_system7_0' [/home/mysimp/RF_project/RF_project.gen/sources_1/bd/design_1/synth/design_1.v:81]
WARNING: [Synth 8-7071] port 'SDIO1_CMD_T' of module 'design_1_processing_system7_0_0' is unconnected for instance 'processing_system7_0' [/home/mysimp/RF_project/RF_project.gen/sources_1/bd/design_1/synth/design_1.v:81]
WARNING: [Synth 8-7071] port 'SDIO1_DATA_O' of module 'design_1_processing_system7_0_0' is unconnected for instance 'processing_system7_0' [/home/mysimp/RF_project/RF_project.gen/sources_1/bd/design_1/synth/design_1.v:81]
WARNING: [Synth 8-7071] port 'SDIO1_DATA_T' of module 'design_1_processing_system7_0_0' is unconnected for instance 'processing_system7_0' [/home/mysimp/RF_project/RF_project.gen/sources_1/bd/design_1/synth/design_1.v:81]
WARNING: [Synth 8-7071] port 'SDIO1_LED' of module 'design_1_processing_system7_0_0' is unconnected for instance 'processing_system7_0' [/home/mysimp/RF_project/RF_project.gen/sources_1/bd/design_1/synth/design_1.v:81]
WARNING: [Synth 8-7071] port 'SDIO1_BUSPOW' of module 'design_1_processing_system7_0_0' is unconnected for instance 'processing_system7_0' [/home/mysimp/RF_project/RF_project.gen/sources_1/bd/design_1/synth/design_1.v:81]
WARNING: [Synth 8-7071] port 'SDIO1_BUSVOLT' of module 'design_1_processing_system7_0_0' is unconnected for instance 'processing_system7_0' [/home/mysimp/RF_project/RF_project.gen/sources_1/bd/design_1/synth/design_1.v:81]
WARNING: [Synth 8-7071] port 'UART0_TX' of module 'design_1_processing_system7_0_0' is unconnected for instance 'processing_system7_0' [/home/mysimp/RF_project/RF_project.gen/sources_1/bd/design_1/synth/design_1.v:81]
WARNING: [Synth 8-7071] port 'M_AXI_GP0_ARVALID' of module 'design_1_processing_system7_0_0' is unconnected for instance 'processing_system7_0' [/home/mysimp/RF_project/RF_project.gen/sources_1/bd/design_1/synth/design_1.v:81]
WARNING: [Synth 8-7071] port 'M_AXI_GP0_AWVALID' of module 'design_1_processing_system7_0_0' is unconnected for instance 'processing_system7_0' [/home/mysimp/RF_project/RF_project.gen/sources_1/bd/design_1/synth/design_1.v:81]
WARNING: [Synth 8-7071] port 'M_AXI_GP0_BREADY' of module 'design_1_processing_system7_0_0' is unconnected for instance 'processing_system7_0' [/home/mysimp/RF_project/RF_project.gen/sources_1/bd/design_1/synth/design_1.v:81]
WARNING: [Synth 8-7071] port 'M_AXI_GP0_RREADY' of module 'design_1_processing_system7_0_0' is unconnected for instance 'processing_system7_0' [/home/mysimp/RF_project/RF_project.gen/sources_1/bd/design_1/synth/design_1.v:81]
WARNING: [Synth 8-7071] port 'M_AXI_GP0_WLAST' of module 'design_1_processing_system7_0_0' is unconnected for instance 'processing_system7_0' [/home/mysimp/RF_project/RF_project.gen/sources_1/bd/design_1/synth/design_1.v:81]
WARNING: [Synth 8-7071] port 'M_AXI_GP0_WVALID' of module 'design_1_processing_system7_0_0' is unconnected for instance 'processing_system7_0' [/home/mysimp/RF_project/RF_project.gen/sources_1/bd/design_1/synth/design_1.v:81]
WARNING: [Synth 8-7071] port 'M_AXI_GP0_ARID' of module 'design_1_processing_system7_0_0' is unconnected for instance 'processing_system7_0' [/home/mysimp/RF_project/RF_project.gen/sources_1/bd/design_1/synth/design_1.v:81]
WARNING: [Synth 8-7071] port 'M_AXI_GP0_AWID' of module 'design_1_processing_system7_0_0' is unconnected for instance 'processing_system7_0' [/home/mysimp/RF_project/RF_project.gen/sources_1/bd/design_1/synth/design_1.v:81]
WARNING: [Synth 8-7071] port 'M_AXI_GP0_WID' of module 'design_1_processing_system7_0_0' is unconnected for instance 'processing_system7_0' [/home/mysimp/RF_project/RF_project.gen/sources_1/bd/design_1/synth/design_1.v:81]
WARNING: [Synth 8-7071] port 'M_AXI_GP0_ARBURST' of module 'design_1_processing_system7_0_0' is unconnected for instance 'processing_system7_0' [/home/mysimp/RF_project/RF_project.gen/sources_1/bd/design_1/synth/design_1.v:81]
WARNING: [Synth 8-7071] port 'M_AXI_GP0_ARLOCK' of module 'design_1_processing_system7_0_0' is unconnected for instance 'processing_system7_0' [/home/mysimp/RF_project/RF_project.gen/sources_1/bd/design_1/synth/design_1.v:81]
WARNING: [Synth 8-7071] port 'M_AXI_GP0_ARSIZE' of module 'design_1_processing_system7_0_0' is unconnected for instance 'processing_system7_0' [/home/mysimp/RF_project/RF_project.gen/sources_1/bd/design_1/synth/design_1.v:81]
WARNING: [Synth 8-7071] port 'M_AXI_GP0_AWBURST' of module 'design_1_processing_system7_0_0' is unconnected for instance 'processing_system7_0' [/home/mysimp/RF_project/RF_project.gen/sources_1/bd/design_1/synth/design_1.v:81]
WARNING: [Synth 8-7071] port 'M_AXI_GP0_AWLOCK' of module 'design_1_processing_system7_0_0' is unconnected for instance 'processing_system7_0' [/home/mysimp/RF_project/RF_project.gen/sources_1/bd/design_1/synth/design_1.v:81]
WARNING: [Synth 8-7071] port 'M_AXI_GP0_AWSIZE' of module 'design_1_processing_system7_0_0' is unconnected for instance 'processing_system7_0' [/home/mysimp/RF_project/RF_project.gen/sources_1/bd/design_1/synth/design_1.v:81]
WARNING: [Synth 8-7071] port 'M_AXI_GP0_ARPROT' of module 'design_1_processing_system7_0_0' is unconnected for instance 'processing_system7_0' [/home/mysimp/RF_project/RF_project.gen/sources_1/bd/design_1/synth/design_1.v:81]
WARNING: [Synth 8-7071] port 'M_AXI_GP0_AWPROT' of module 'design_1_processing_system7_0_0' is unconnected for instance 'processing_system7_0' [/home/mysimp/RF_project/RF_project.gen/sources_1/bd/design_1/synth/design_1.v:81]
WARNING: [Synth 8-7071] port 'M_AXI_GP0_ARADDR' of module 'design_1_processing_system7_0_0' is unconnected for instance 'processing_system7_0' [/home/mysimp/RF_project/RF_project.gen/sources_1/bd/design_1/synth/design_1.v:81]
WARNING: [Synth 8-7071] port 'M_AXI_GP0_AWADDR' of module 'design_1_processing_system7_0_0' is unconnected for instance 'processing_system7_0' [/home/mysimp/RF_project/RF_project.gen/sources_1/bd/design_1/synth/design_1.v:81]
WARNING: [Synth 8-7071] port 'M_AXI_GP0_WDATA' of module 'design_1_processing_system7_0_0' is unconnected for instance 'processing_system7_0' [/home/mysimp/RF_project/RF_project.gen/sources_1/bd/design_1/synth/design_1.v:81]
WARNING: [Synth 8-7071] port 'M_AXI_GP0_ARCACHE' of module 'design_1_processing_system7_0_0' is unconnected for instance 'processing_system7_0' [/home/mysimp/RF_project/RF_project.gen/sources_1/bd/design_1/synth/design_1.v:81]
WARNING: [Synth 8-7071] port 'M_AXI_GP0_ARLEN' of module 'design_1_processing_system7_0_0' is unconnected for instance 'processing_system7_0' [/home/mysimp/RF_project/RF_project.gen/sources_1/bd/design_1/synth/design_1.v:81]
WARNING: [Synth 8-7071] port 'M_AXI_GP0_ARQOS' of module 'design_1_processing_system7_0_0' is unconnected for instance 'processing_system7_0' [/home/mysimp/RF_project/RF_project.gen/sources_1/bd/design_1/synth/design_1.v:81]
WARNING: [Synth 8-7071] port 'M_AXI_GP0_AWCACHE' of module 'design_1_processing_system7_0_0' is unconnected for instance 'processing_system7_0' [/home/mysimp/RF_project/RF_project.gen/sources_1/bd/design_1/synth/design_1.v:81]
WARNING: [Synth 8-7071] port 'M_AXI_GP0_AWLEN' of module 'design_1_processing_system7_0_0' is unconnected for instance 'processing_system7_0' [/home/mysimp/RF_project/RF_project.gen/sources_1/bd/design_1/synth/design_1.v:81]
WARNING: [Synth 8-7071] port 'M_AXI_GP0_AWQOS' of module 'design_1_processing_system7_0_0' is unconnected for instance 'processing_system7_0' [/home/mysimp/RF_project/RF_project.gen/sources_1/bd/design_1/synth/design_1.v:81]
WARNING: [Synth 8-7071] port 'M_AXI_GP0_WSTRB' of module 'design_1_processing_system7_0_0' is unconnected for instance 'processing_system7_0' [/home/mysimp/RF_project/RF_project.gen/sources_1/bd/design_1/synth/design_1.v:81]
WARNING: [Synth 8-7071] port 'FCLK_RESET0_N' of module 'design_1_processing_system7_0_0' is unconnected for instance 'processing_system7_0' [/home/mysimp/RF_project/RF_project.gen/sources_1/bd/design_1/synth/design_1.v:81]
WARNING: [Synth 8-7023] instance 'processing_system7_0' of module 'design_1_processing_system7_0_0' has 80 connections declared, but only 41 given [/home/mysimp/RF_project/RF_project.gen/sources_1/bd/design_1/synth/design_1.v:81]
INFO: [Synth 8-6155] done synthesizing module 'design_1' (0#1) [/home/mysimp/RF_project/RF_project.gen/sources_1/bd/design_1/synth/design_1.v:13]
INFO: [Synth 8-6155] done synthesizing module 'design_1_wrapper' (0#1) [/home/mysimp/RF_project/RF_project.gen/sources_1/bd/design_1/hdl/design_1_wrapper.v:13]
---------------------------------------------------------------------------------
Finished RTL Elaboration : Time (s): cpu = 00:00:04 ; elapsed = 00:00:04 . Memory (MB): peak = 2195.172 ; gain = 513.680 ; free physical = 11703 ; free virtual = 32329
---------------------------------------------------------------------------------
---------------------------------------------------------------------------------
Start Handling Custom Attributes
---------------------------------------------------------------------------------
---------------------------------------------------------------------------------
Finished Handling Custom Attributes : Time (s): cpu = 00:00:04 ; elapsed = 00:00:04 . Memory (MB): peak = 2210.016 ; gain = 528.523 ; free physical = 11694 ; free virtual = 32322
---------------------------------------------------------------------------------
---------------------------------------------------------------------------------
Finished RTL Optimization Phase 1 : Time (s): cpu = 00:00:04 ; elapsed = 00:00:04 . Memory (MB): peak = 2210.016 ; gain = 528.523 ; free physical = 11694 ; free virtual = 32322
---------------------------------------------------------------------------------
Netlist sorting complete. Time (s): cpu = 00:00:00 ; elapsed = 00:00:00 . Memory (MB): peak = 2210.016 ; gain = 0.000 ; free physical = 11690 ; free virtual = 32318
INFO: [Project 1-570] Preparing netlist for logic optimization

Processing XDC Constraints
Initializing timing engine
Parsing XDC File [/home/mysimp/RF_project/RF_project.gen/sources_1/bd/design_1/ip/design_1_processing_system7_0_0/design_1_processing_system7_0_0/design_1_processing_system7_0_0_in_context.xdc] for cell 'design_1_i/processing_system7_0'
Finished Parsing XDC File [/home/mysimp/RF_project/RF_project.gen/sources_1/bd/design_1/ip/design_1_processing_system7_0_0/design_1_processing_system7_0_0/design_1_processing_system7_0_0_in_context.xdc] for cell 'design_1_i/processing_system7_0'
Parsing XDC File [/home/mysimp/RF_project/RF_project.srcs/constrs_1/new/Hai_constraint.xdc]
WARNING: [Vivado 12-584] No ports matched 'clk'. [/home/mysimp/RF_project/RF_project.srcs/constrs_1/new/Hai_constraint.xdc:2]
WARNING: [Vivado 12-584] No ports matched 'clk'. [/home/mysimp/RF_project/RF_project.srcs/constrs_1/new/Hai_constraint.xdc:3]
WARNING: [Vivado 12-584] No ports matched 'clk'. [/home/mysimp/RF_project/RF_project.srcs/constrs_1/new/Hai_constraint.xdc:4]
WARNING: [Vivado 12-584] No ports matched 'LED[7]'. [/home/mysimp/RF_project/RF_project.srcs/constrs_1/new/Hai_constraint.xdc:17]
WARNING: [Vivado 12-584] No ports matched 'LED[7]'. [/home/mysimp/RF_project/RF_project.srcs/constrs_1/new/Hai_constraint.xdc:18]
WARNING: [Vivado 12-584] No ports matched 'LED[6]'. [/home/mysimp/RF_project/RF_project.srcs/constrs_1/new/Hai_constraint.xdc:20]
WARNING: [Vivado 12-584] No ports matched 'LED[6]'. [/home/mysimp/RF_project/RF_project.srcs/constrs_1/new/Hai_constraint.xdc:21]
WARNING: [Vivado 12-584] No ports matched 'LED[5]'. [/home/mysimp/RF_project/RF_project.srcs/constrs_1/new/Hai_constraint.xdc:23]
WARNING: [Vivado 12-584] No ports matched 'LED[5]'. [/home/mysimp/RF_project/RF_project.srcs/constrs_1/new/Hai_constraint.xdc:24]
WARNING: [Vivado 12-584] No ports matched 'LED[4]'. [/home/mysimp/RF_project/RF_project.srcs/constrs_1/new/Hai_constraint.xdc:26]
WARNING: [Vivado 12-584] No ports matched 'LED[4]'. [/home/mysimp/RF_project/RF_project.srcs/constrs_1/new/Hai_constraint.xdc:27]
WARNING: [Vivado 12-584] No ports matched 'LED[3]'. [/home/mysimp/RF_project/RF_project.srcs/constrs_1/new/Hai_constraint.xdc:29]
WARNING: [Vivado 12-584] No ports matched 'LED[3]'. [/home/mysimp/RF_project/RF_project.srcs/constrs_1/new/Hai_constraint.xdc:30]
WARNING: [Vivado 12-584] No ports matched 'LED[2]'. [/home/mysimp/RF_project/RF_project.srcs/constrs_1/new/Hai_constraint.xdc:32]
WARNING: [Vivado 12-584] No ports matched 'LED[2]'. [/home/mysimp/RF_project/RF_project.srcs/constrs_1/new/Hai_constraint.xdc:33]
WARNING: [Vivado 12-584] No ports matched 'LED[1]'. [/home/mysimp/RF_project/RF_project.srcs/constrs_1/new/Hai_constraint.xdc:35]
WARNING: [Vivado 12-584] No ports matched 'LED[1]'. [/home/mysimp/RF_project/RF_project.srcs/constrs_1/new/Hai_constraint.xdc:36]
WARNING: [Vivado 12-584] No ports matched 'LED[0]'. [/home/mysimp/RF_project/RF_project.srcs/constrs_1/new/Hai_constraint.xdc:38]
WARNING: [Vivado 12-584] No ports matched 'LED[0]'. [/home/mysimp/RF_project/RF_project.srcs/constrs_1/new/Hai_constraint.xdc:39]
WARNING: [Vivado 12-584] No ports matched 'LCD_CSX'. [/home/mysimp/RF_project/RF_project.srcs/constrs_1/new/Hai_constraint.xdc:43]
WARNING: [Vivado 12-584] No ports matched 'LCD_CSX'. [/home/mysimp/RF_project/RF_project.srcs/constrs_1/new/Hai_constraint.xdc:44]
WARNING: [Vivado 12-584] No ports matched 'LCD_RESX'. [/home/mysimp/RF_project/RF_project.srcs/constrs_1/new/Hai_constraint.xdc:46]
WARNING: [Vivado 12-584] No ports matched 'LCD_RESX'. [/home/mysimp/RF_project/RF_project.srcs/constrs_1/new/Hai_constraint.xdc:47]
WARNING: [Vivado 12-584] No ports matched 'LCD_DCX'. [/home/mysimp/RF_project/RF_project.srcs/constrs_1/new/Hai_constraint.xdc:49]
WARNING: [Vivado 12-584] No ports matched 'LCD_DCX'. [/home/mysimp/RF_project/RF_project.srcs/constrs_1/new/Hai_constraint.xdc:50]
WARNING: [Vivado 12-584] No ports matched 'LCD_SDA'. [/home/mysimp/RF_project/RF_project.srcs/constrs_1/new/Hai_constraint.xdc:52]
WARNING: [Vivado 12-584] No ports matched 'LCD_SDA'. [/home/mysimp/RF_project/RF_project.srcs/constrs_1/new/Hai_constraint.xdc:53]
WARNING: [Vivado 12-584] No ports matched 'LCD_SCK'. [/home/mysimp/RF_project/RF_project.srcs/constrs_1/new/Hai_constraint.xdc:55]
WARNING: [Vivado 12-584] No ports matched 'LCD_SCK'. [/home/mysimp/RF_project/RF_project.srcs/constrs_1/new/Hai_constraint.xdc:56]
WARNING: [Vivado 12-584] No ports matched 'LCD_LED'. [/home/mysimp/RF_project/RF_project.srcs/constrs_1/new/Hai_constraint.xdc:58]
WARNING: [Vivado 12-584] No ports matched 'LCD_LED'. [/home/mysimp/RF_project/RF_project.srcs/constrs_1/new/Hai_constraint.xdc:59]
WARNING: [Vivado 12-584] No ports matched 'rst_n'. [/home/mysimp/RF_project/RF_project.srcs/constrs_1/new/Hai_constraint.xdc:78]
WARNING: [Vivado 12-584] No ports matched 'rst_n'. [/home/mysimp/RF_project/RF_project.srcs/constrs_1/new/Hai_constraint.xdc:79]
Finished Parsing XDC File [/home/mysimp/RF_project/RF_project.srcs/constrs_1/new/Hai_constraint.xdc]
WARNING: [Project 1-498] One or more constraints failed evaluation while reading constraint file [/home/mysimp/RF_project/RF_project.srcs/constrs_1/new/Hai_constraint.xdc] and the design contains unresolved black boxes. These constraints will be read post-synthesis (as long as their source constraint file is marked as used_in_implementation) and should be applied correctly then. You should review the constraints listed in the file [.Xil/design_1_wrapper_propImpl.xdc] and check the run log file to verify that these constraints were correctly applied.
Parsing XDC File [/home/mysimp/RF_project/RF_project.srcs/constrs_1/new/Minh_constraints.xdc]
Finished Parsing XDC File [/home/mysimp/RF_project/RF_project.srcs/constrs_1/new/Minh_constraints.xdc]
Parsing XDC File [/home/mysimp/RF_project/RF_project.runs/synth_1/dont_touch.xdc]
Finished Parsing XDC File [/home/mysimp/RF_project/RF_project.runs/synth_1/dont_touch.xdc]
Completed Processing XDC Constraints

Netlist sorting complete. Time (s): cpu = 00:00:00 ; elapsed = 00:00:00 . Memory (MB): peak = 2258.941 ; gain = 0.000 ; free physical = 11649 ; free virtual = 32282
INFO: [Project 1-111] Unisim Transformation Summary:
No Unisim elements were transformed.

Constraint Validation Runtime : Time (s): cpu = 00:00:00 ; elapsed = 00:00:00 . Memory (MB): peak = 2258.977 ; gain = 0.000 ; free physical = 11649 ; free virtual = 32282
---------------------------------------------------------------------------------
Finished Constraint Validation : Time (s): cpu = 00:00:09 ; elapsed = 00:00:09 . Memory (MB): peak = 2258.977 ; gain = 577.484 ; free physical = 11653 ; free virtual = 32286
---------------------------------------------------------------------------------
---------------------------------------------------------------------------------
Start Loading Part and Timing Information
---------------------------------------------------------------------------------
Loading part: xc7z010clg400-1
---------------------------------------------------------------------------------
Finished Loading Part and Timing Information : Time (s): cpu = 00:00:09 ; elapsed = 00:00:09 . Memory (MB): peak = 2266.945 ; gain = 585.453 ; free physical = 11649 ; free virtual = 32282
---------------------------------------------------------------------------------
---------------------------------------------------------------------------------
Start Applying 'set_property' XDC Constraints
---------------------------------------------------------------------------------
---------------------------------------------------------------------------------
Finished applying 'set_property' XDC Constraints : Time (s): cpu = 00:00:09 ; elapsed = 00:00:09 . Memory (MB): peak = 2266.945 ; gain = 585.453 ; free physical = 11617 ; free virtual = 32250
---------------------------------------------------------------------------------
---------------------------------------------------------------------------------
Start Preparing Guide Design
---------------------------------------------------------------------------------
CRITICAL WARNING: [Synth 8-6895] The reference checkpoint /home/mysimp/RF_project/RF_project.srcs/utils_1/imports/synth_1/top_module.dcp is not suitable for use with incremental synthesis for this design. Please regenerate the checkpoint for this design with -incremental_synth switch in the same Vivado session that synth_design has been run. Synthesis will continue with the default flow
---------------------------------------------------------------------------------
Finished Doing Graph Differ : Time (s): cpu = 00:00:09 ; elapsed = 00:00:09 . Memory (MB): peak = 2266.945 ; gain = 585.453 ; free physical = 11617 ; free virtual = 32251
---------------------------------------------------------------------------------
---------------------------------------------------------------------------------
Finished Preparing Guide Design : Time (s): cpu = 00:00:09 ; elapsed = 00:00:09 . Memory (MB): peak = 2266.945 ; gain = 585.453 ; free physical = 11617 ; free virtual = 32251
---------------------------------------------------------------------------------
---------------------------------------------------------------------------------
Finished RTL Optimization Phase 2 : Time (s): cpu = 00:00:09 ; elapsed = 00:00:09 . Memory (MB): peak = 2266.945 ; gain = 585.453 ; free physical = 11617 ; free virtual = 32251
---------------------------------------------------------------------------------


Incremental Synthesis Report Summary:

1. Incremental synthesis run: no

   Reason for not running incremental synthesis : 


INFO: [Synth 8-7130] Flow is switching to default flow due to incremental criteria not met. If you would like to alter this behaviour and have the flow terminate instead, please set the following parameter config_implementation {autoIncr.Synth.RejectBehavior Terminate}
---------------------------------------------------------------------------------
Start RTL Component Statistics 
---------------------------------------------------------------------------------
Detailed RTL Component Info : 
---------------------------------------------------------------------------------
Finished RTL Component Statistics 
---------------------------------------------------------------------------------
---------------------------------------------------------------------------------
Start Part Resource Summary
---------------------------------------------------------------------------------
Part Resources:
DSPs: 80 (col length:40)
BRAMs: 120 (col length: RAMB18 40 RAMB36 20)
---------------------------------------------------------------------------------
Finished Part Resource Summary
---------------------------------------------------------------------------------
---------------------------------------------------------------------------------
Start Cross Boundary and Area Optimization
---------------------------------------------------------------------------------
WARNING: [Synth 8-7080] Parallel synthesis criteria is not met
---------------------------------------------------------------------------------
Finished Cross Boundary and Area Optimization : Time (s): cpu = 00:00:10 ; elapsed = 00:00:10 . Memory (MB): peak = 2266.945 ; gain = 585.453 ; free physical = 11617 ; free virtual = 32256
---------------------------------------------------------------------------------
---------------------------------------------------------------------------------
Start Applying XDC Timing Constraints
---------------------------------------------------------------------------------
---------------------------------------------------------------------------------
Finished Applying XDC Timing Constraints : Time (s): cpu = 00:00:14 ; elapsed = 00:00:14 . Memory (MB): peak = 2365.945 ; gain = 684.453 ; free physical = 11524 ; free virtual = 32163
---------------------------------------------------------------------------------
---------------------------------------------------------------------------------
Start Timing Optimization
---------------------------------------------------------------------------------
---------------------------------------------------------------------------------
Finished Timing Optimization : Time (s): cpu = 00:00:14 ; elapsed = 00:00:14 . Memory (MB): peak = 2365.945 ; gain = 684.453 ; free physical = 11524 ; free virtual = 32163
---------------------------------------------------------------------------------
---------------------------------------------------------------------------------
Start Technology Mapping
---------------------------------------------------------------------------------
---------------------------------------------------------------------------------
Finished Technology Mapping : Time (s): cpu = 00:00:14 ; elapsed = 00:00:14 . Memory (MB): peak = 2374.961 ; gain = 693.469 ; free physical = 11520 ; free virtual = 32159
---------------------------------------------------------------------------------
---------------------------------------------------------------------------------
Start IO Insertion
---------------------------------------------------------------------------------
---------------------------------------------------------------------------------
Start Flattening Before IO Insertion
---------------------------------------------------------------------------------
---------------------------------------------------------------------------------
Finished Flattening Before IO Insertion
---------------------------------------------------------------------------------
---------------------------------------------------------------------------------
Start Final Netlist Cleanup
---------------------------------------------------------------------------------
---------------------------------------------------------------------------------
Finished Final Netlist Cleanup
---------------------------------------------------------------------------------
---------------------------------------------------------------------------------
Finished IO Insertion : Time (s): cpu = 00:00:16 ; elapsed = 00:00:16 . Memory (MB): peak = 2550.773 ; gain = 869.281 ; free physical = 11127 ; free virtual = 31821
---------------------------------------------------------------------------------
---------------------------------------------------------------------------------
Start Renaming Generated Instances
---------------------------------------------------------------------------------
---------------------------------------------------------------------------------
Finished Renaming Generated Instances : Time (s): cpu = 00:00:16 ; elapsed = 00:00:16 . Memory (MB): peak = 2550.773 ; gain = 869.281 ; free physical = 11127 ; free virtual = 31821
---------------------------------------------------------------------------------
---------------------------------------------------------------------------------
Start Rebuilding User Hierarchy
---------------------------------------------------------------------------------
---------------------------------------------------------------------------------
Finished Rebuilding User Hierarchy : Time (s): cpu = 00:00:16 ; elapsed = 00:00:16 . Memory (MB): peak = 2550.773 ; gain = 869.281 ; free physical = 11127 ; free virtual = 31821
---------------------------------------------------------------------------------
---------------------------------------------------------------------------------
Start Renaming Generated Ports
---------------------------------------------------------------------------------
---------------------------------------------------------------------------------
Finished Renaming Generated Ports : Time (s): cpu = 00:00:16 ; elapsed = 00:00:16 . Memory (MB): peak = 2550.773 ; gain = 869.281 ; free physical = 11127 ; free virtual = 31821
---------------------------------------------------------------------------------
---------------------------------------------------------------------------------
Start Handling Custom Attributes
---------------------------------------------------------------------------------
---------------------------------------------------------------------------------
Finished Handling Custom Attributes : Time (s): cpu = 00:00:16 ; elapsed = 00:00:16 . Memory (MB): peak = 2550.773 ; gain = 869.281 ; free physical = 11127 ; free virtual = 31821
---------------------------------------------------------------------------------
---------------------------------------------------------------------------------
Start Renaming Generated Nets
---------------------------------------------------------------------------------
---------------------------------------------------------------------------------
Finished Renaming Generated Nets : Time (s): cpu = 00:00:16 ; elapsed = 00:00:16 . Memory (MB): peak = 2550.773 ; gain = 869.281 ; free physical = 11127 ; free virtual = 31821
---------------------------------------------------------------------------------
---------------------------------------------------------------------------------
Start Writing Synthesis Report
---------------------------------------------------------------------------------

Report BlackBoxes: 
+------+--------------------------------+----------+
|      |BlackBox name                   |Instances |
+------+--------------------------------+----------+
|1     |design_1_processing_system7_0_0 |         1|
+------+--------------------------------+----------+

Report Cell Usage: 
+------+------------------------------+------+
|      |Cell                          |Count |
+------+------------------------------+------+
|1     |design_1_processing_system7_0 |     1|
+------+------------------------------+------+
---------------------------------------------------------------------------------
Finished Writing Synthesis Report : Time (s): cpu = 00:00:16 ; elapsed = 00:00:16 . Memory (MB): peak = 2550.773 ; gain = 869.281 ; free physical = 11127 ; free virtual = 31821
---------------------------------------------------------------------------------
Synthesis finished with 0 errors, 1 critical warnings and 1 warnings.
Synthesis Optimization Runtime : Time (s): cpu = 00:00:15 ; elapsed = 00:00:15 . Memory (MB): peak = 2550.773 ; gain = 820.320 ; free physical = 11127 ; free virtual = 31821
Synthesis Optimization Complete : Time (s): cpu = 00:00:16 ; elapsed = 00:00:16 . Memory (MB): peak = 2550.781 ; gain = 869.281 ; free physical = 11127 ; free virtual = 31821
INFO: [Project 1-571] Translating synthesized netlist
Netlist sorting complete. Time (s): cpu = 00:00:00.01 ; elapsed = 00:00:00 . Memory (MB): peak = 2550.781 ; gain = 0.000 ; free physical = 11127 ; free virtual = 31821
INFO: [Project 1-570] Preparing netlist for logic optimization
INFO: [Opt 31-138] Pushed 0 inverter(s) to 0 load pin(s).
Netlist sorting complete. Time (s): cpu = 00:00:00 ; elapsed = 00:00:00 . Memory (MB): peak = 2550.781 ; gain = 0.000 ; free physical = 11292 ; free virtual = 31986
INFO: [Project 1-111] Unisim Transformation Summary:
No Unisim elements were transformed.

Synth Design complete | Checksum: 298ba8af
INFO: [Common 17-83] Releasing license: Synthesis
24 Infos, 75 Warnings, 1 Critical Warnings and 0 Errors encountered.
synth_design completed successfully
synth_design: Time (s): cpu = 00:00:23 ; elapsed = 00:00:21 . Memory (MB): peak = 2550.809 ; gain = 962.613 ; free physical = 11291 ; free virtual = 31985
INFO: [Common 17-2834] synth_design peak Physical Memory [PSS] (MB): overall = 1737.600; main = 1737.600; forked = 268.589
INFO: [Common 17-2834] synth_design peak Virtual Memory [VSS] (MB): overall = 3222.613; main = 2550.773; forked = 955.668
INFO: [runtcl-6] Synthesis results are not added to the cache due to CRITICAL_WARNING
INFO: [Common 17-1381] The checkpoint '/home/mysimp/RF_project/RF_project.runs/synth_1/design_1_wrapper.dcp' has been generated.
INFO: [Vivado 12-24828] Executing command : report_utilization -file design_1_wrapper_utilization_synth.rpt -pb design_1_wrapper_utilization_synth.pb
INFO: [Common 17-206] Exiting Vivado at Wed Aug 19 01:19:43 2026...
