
*** Running vivado
    with args -log top_module.vdi -applog -m64 -product Vivado -messageDb vivado.pb -mode batch -source top_module.tcl -notrace


****** Vivado v2025.1 (64-bit)
  **** SW Build 6140274 on Wed May 21 22:58:25 MDT 2025
  **** IP Build 6138677 on Thu May 22 03:10:11 MDT 2025
  **** SharedData Build 6139179 on Tue May 20 17:58:58 MDT 2025
  **** Start of session at: Fri Aug 14 01:59:56 2026
    ** Copyright 1986-2022 Xilinx, Inc. All Rights Reserved.
    ** Copyright 2022-2025 Advanced Micro Devices, Inc. All Rights Reserved.

source top_module.tcl -notrace
Command: link_design -top top_module -part xc7z010clg400-1
Design is defaulting to srcset: sources_1
Design is defaulting to constrset: constrs_1
INFO: [Device 21-403] Loading part xc7z010clg400-1
Netlist sorting complete. Time (s): cpu = 00:00:00 ; elapsed = 00:00:00 . Memory (MB): peak = 1682.188 ; gain = 0.000 ; free physical = 7287 ; free virtual = 27641
INFO: [Netlist 29-17] Analyzing 9 Unisim elements for replacement
INFO: [Netlist 29-28] Unisim Transformation completed in 0 CPU seconds
INFO: [Project 1-479] Netlist was created with Vivado 2025.1
INFO: [Project 1-570] Preparing netlist for logic optimization
Parsing XDC File [/home/mysimp/RF_project/RF_project.srcs/constrs_1/new/Hai_constraint.xdc]
Finished Parsing XDC File [/home/mysimp/RF_project/RF_project.srcs/constrs_1/new/Hai_constraint.xdc]
INFO: [Opt 31-138] Pushed 0 inverter(s) to 0 load pin(s).
Netlist sorting complete. Time (s): cpu = 00:00:00 ; elapsed = 00:00:00 . Memory (MB): peak = 1867.824 ; gain = 0.000 ; free physical = 7191 ; free virtual = 27544
INFO: [Project 1-111] Unisim Transformation Summary:
No Unisim elements were transformed.

7 Infos, 0 Warnings, 0 Critical Warnings and 0 Errors encountered.
link_design completed successfully
Command: opt_design
Attempting to get a license for feature 'Implementation' and/or device 'xc7z010'
INFO: [Common 17-349] Got license for feature 'Implementation' and/or device 'xc7z010'
Running DRC as a precondition to command opt_design

Starting DRC Task
INFO: [DRC 23-27] Running DRC with 8 threads
INFO: [Project 1-461] DRC finished with 0 Errors
INFO: [Project 1-462] Please refer to the DRC report (report_drc) for more information.

Time (s): cpu = 00:00:00.86 ; elapsed = 00:00:00.32 . Memory (MB): peak = 2000.527 ; gain = 128.699 ; free physical = 7058 ; free virtual = 27412

Starting Cache Timing Information Task
INFO: [Timing 38-35] Done setting XDC timing constraints.
Ending Cache Timing Information Task | Checksum: f7e15dd7

Time (s): cpu = 00:00:03 ; elapsed = 00:00:04 . Memory (MB): peak = 2393.480 ; gain = 392.953 ; free physical = 6697 ; free virtual = 27051

Starting Logic Optimization Task

Phase 1 Initialization

Phase 1.1 Core Generation And Design Setup
Phase 1.1 Core Generation And Design Setup | Checksum: f7e15dd7

Time (s): cpu = 00:00:00 ; elapsed = 00:00:00 . Memory (MB): peak = 2755.230 ; gain = 0.000 ; free physical = 6352 ; free virtual = 26705

Phase 1.2 Setup Constraints And Sort Netlist
Phase 1.2 Setup Constraints And Sort Netlist | Checksum: f7e15dd7

Time (s): cpu = 00:00:00 ; elapsed = 00:00:00.01 . Memory (MB): peak = 2755.230 ; gain = 0.000 ; free physical = 6352 ; free virtual = 26705
Phase 1 Initialization | Checksum: f7e15dd7

Time (s): cpu = 00:00:00 ; elapsed = 00:00:00.01 . Memory (MB): peak = 2755.230 ; gain = 0.000 ; free physical = 6352 ; free virtual = 26705

Phase 2 Timer Update And Timing Data Collection

Phase 2.1 Timer Update
Phase 2.1 Timer Update | Checksum: f7e15dd7

Time (s): cpu = 00:00:00.01 ; elapsed = 00:00:00.01 . Memory (MB): peak = 2755.230 ; gain = 0.000 ; free physical = 6352 ; free virtual = 26705

Phase 2.2 Timing Data Collection
Phase 2.2 Timing Data Collection | Checksum: f7e15dd7

Time (s): cpu = 00:00:00.01 ; elapsed = 00:00:00.01 . Memory (MB): peak = 2755.230 ; gain = 0.000 ; free physical = 6352 ; free virtual = 26705
Phase 2 Timer Update And Timing Data Collection | Checksum: f7e15dd7

Time (s): cpu = 00:00:00.01 ; elapsed = 00:00:00.01 . Memory (MB): peak = 2755.230 ; gain = 0.000 ; free physical = 6352 ; free virtual = 26705

Phase 3 Retarget
INFO: [Opt 31-1851] Number of loadless carry chains removed were: 0
INFO: [Opt 31-1834] Total Chains To Be Transformed Were: 0 AND Number of Transformed insts Created are: 0
INFO: [Opt 31-138] Pushed 0 inverter(s) to 0 load pin(s).
INFO: [Opt 31-49] Retargeted 0 cell(s).
Phase 3 Retarget | Checksum: f7e15dd7

Time (s): cpu = 00:00:00.01 ; elapsed = 00:00:00.02 . Memory (MB): peak = 2755.230 ; gain = 0.000 ; free physical = 6352 ; free virtual = 26705
Retarget | Checksum: f7e15dd7
INFO: [Opt 31-389] Phase Retarget created 0 cells and removed 0 cells

Phase 4 Constant propagation
INFO: [Opt 31-138] Pushed 0 inverter(s) to 0 load pin(s).
Phase 4 Constant propagation | Checksum: f7e15dd7

Time (s): cpu = 00:00:00.02 ; elapsed = 00:00:00.02 . Memory (MB): peak = 2755.230 ; gain = 0.000 ; free physical = 6352 ; free virtual = 26705
Constant propagation | Checksum: f7e15dd7
INFO: [Opt 31-389] Phase Constant propagation created 0 cells and removed 0 cells

Phase 5 Sweep
INFO: [Constraints 18-11670] Building netlist checker database with flags, 0x8
Done building netlist checker database: Time (s): cpu = 00:00:00 ; elapsed = 00:00:00 . Memory (MB): peak = 2755.230 ; gain = 0.000 ; free physical = 6352 ; free virtual = 26705
Phase 5 Sweep | Checksum: 13c68cfc7

Time (s): cpu = 00:00:00.02 ; elapsed = 00:00:00.02 . Memory (MB): peak = 2755.230 ; gain = 0.000 ; free physical = 6352 ; free virtual = 26705
Sweep | Checksum: 13c68cfc7
INFO: [Opt 31-389] Phase Sweep created 1 cells and removed 0 cells

Phase 6 BUFG optimization
Phase 6 BUFG optimization | Checksum: 13c68cfc7

Time (s): cpu = 00:00:00.02 ; elapsed = 00:00:00.03 . Memory (MB): peak = 2787.246 ; gain = 32.016 ; free physical = 6352 ; free virtual = 26705
BUFG optimization | Checksum: 13c68cfc7
INFO: [Opt 31-662] Phase BUFG optimization created 0 cells of which 0 are BUFGs and removed 0 cells.

Phase 7 Shift Register Optimization
INFO: [Opt 31-1064] SRL Remap converted 0 SRLs to 0 registers and converted 0 registers of register chains to 0 SRLs
Phase 7 Shift Register Optimization | Checksum: 13c68cfc7

Time (s): cpu = 00:00:00.02 ; elapsed = 00:00:00.03 . Memory (MB): peak = 2787.246 ; gain = 32.016 ; free physical = 6352 ; free virtual = 26705
Shift Register Optimization | Checksum: 13c68cfc7
INFO: [Opt 31-389] Phase Shift Register Optimization created 0 cells and removed 0 cells

Phase 8 Post Processing Netlist
Phase 8 Post Processing Netlist | Checksum: 134b779ce

Time (s): cpu = 00:00:00.02 ; elapsed = 00:00:00.03 . Memory (MB): peak = 2787.246 ; gain = 32.016 ; free physical = 6352 ; free virtual = 26705
Post Processing Netlist | Checksum: 134b779ce
INFO: [Opt 31-389] Phase Post Processing Netlist created 0 cells and removed 0 cells

Phase 9 Finalization

Phase 9.1 Finalizing Design Cores and Updating Shapes
Phase 9.1 Finalizing Design Cores and Updating Shapes | Checksum: e4316c02

Time (s): cpu = 00:00:00.04 ; elapsed = 00:00:00.03 . Memory (MB): peak = 2787.246 ; gain = 32.016 ; free physical = 6352 ; free virtual = 26705

Phase 9.2 Verifying Netlist Connectivity

Starting Connectivity Check Task

Time (s): cpu = 00:00:00 ; elapsed = 00:00:00 . Memory (MB): peak = 2787.246 ; gain = 0.000 ; free physical = 6352 ; free virtual = 26705
Phase 9.2 Verifying Netlist Connectivity | Checksum: e4316c02

Time (s): cpu = 00:00:00.04 ; elapsed = 00:00:00.03 . Memory (MB): peak = 2787.246 ; gain = 32.016 ; free physical = 6352 ; free virtual = 26705
Phase 9 Finalization | Checksum: e4316c02

Time (s): cpu = 00:00:00.04 ; elapsed = 00:00:00.03 . Memory (MB): peak = 2787.246 ; gain = 32.016 ; free physical = 6352 ; free virtual = 26705
Opt_design Change Summary
=========================


-------------------------------------------------------------------------------------------------------------------------
|  Phase                        |  #Cells created  |  #Cells Removed  |  #Constrained objects preventing optimizations  |
-------------------------------------------------------------------------------------------------------------------------
|  Retarget                     |               0  |               0  |                                              0  |
|  Constant propagation         |               0  |               0  |                                              0  |
|  Sweep                        |               1  |               0  |                                              0  |
|  BUFG optimization            |               0  |               0  |                                              0  |
|  Shift Register Optimization  |               0  |               0  |                                              0  |
|  Post Processing Netlist      |               0  |               0  |                                              0  |
-------------------------------------------------------------------------------------------------------------------------


Ending Logic Optimization Task | Checksum: e4316c02

Time (s): cpu = 00:00:00.04 ; elapsed = 00:00:00.03 . Memory (MB): peak = 2787.246 ; gain = 32.016 ; free physical = 6352 ; free virtual = 26705

Starting Power Optimization Task
INFO: [Pwropt 34-132] Skipping clock gating for clocks with a period < 2.00 ns.
Ending Power Optimization Task | Checksum: e4316c02

Time (s): cpu = 00:00:00.04 ; elapsed = 00:00:00.01 . Memory (MB): peak = 2787.246 ; gain = 0.000 ; free physical = 6352 ; free virtual = 26705

Starting Final Cleanup Task
Ending Final Cleanup Task | Checksum: e4316c02

Time (s): cpu = 00:00:00 ; elapsed = 00:00:00 . Memory (MB): peak = 2787.246 ; gain = 0.000 ; free physical = 6352 ; free virtual = 26705

Starting Netlist Obfuscation Task
Netlist sorting complete. Time (s): cpu = 00:00:00 ; elapsed = 00:00:00 . Memory (MB): peak = 2787.246 ; gain = 0.000 ; free physical = 6352 ; free virtual = 26705
Ending Netlist Obfuscation Task | Checksum: e4316c02

Time (s): cpu = 00:00:00 ; elapsed = 00:00:00 . Memory (MB): peak = 2787.246 ; gain = 0.000 ; free physical = 6352 ; free virtual = 26705
INFO: [Common 17-83] Releasing license: Implementation
27 Infos, 0 Warnings, 0 Critical Warnings and 0 Errors encountered.
opt_design completed successfully
opt_design: Time (s): cpu = 00:00:06 ; elapsed = 00:00:06 . Memory (MB): peak = 2787.246 ; gain = 915.418 ; free physical = 6352 ; free virtual = 26705
INFO: [Vivado 12-24828] Executing command : report_drc -file top_module_drc_opted.rpt -pb top_module_drc_opted.pb -rpx top_module_drc_opted.rpx
Command: report_drc -file top_module_drc_opted.rpt -pb top_module_drc_opted.pb -rpx top_module_drc_opted.rpx
INFO: [IP_Flow 19-234] Refreshing IP repositories
INFO: [IP_Flow 19-1704] No user IP repositories specified
INFO: [IP_Flow 19-2313] Loaded Vivado IP repository '/home/mysimp/Documents/vivado/2025.1/Vivado/data/ip'.
INFO: [DRC 23-27] Running DRC with 8 threads
INFO: [Vivado_Tcl 2-168] The results of DRC are in file /home/mysimp/RF_project/RF_project.runs/impl_1/top_module_drc_opted.rpt.
report_drc completed successfully
INFO: [Timing 38-480] Writing timing data to binary archive.
Wrote PlaceDB: Time (s): cpu = 00:00:00 ; elapsed = 00:00:00 . Memory (MB): peak = 2795.184 ; gain = 0.000 ; free physical = 6292 ; free virtual = 26646
Wrote PulsedLatchDB: Time (s): cpu = 00:00:00.01 ; elapsed = 00:00:00 . Memory (MB): peak = 2795.184 ; gain = 0.000 ; free physical = 6292 ; free virtual = 26646
Write ShapeDB Complete: Time (s): cpu = 00:00:00.01 ; elapsed = 00:00:00 . Memory (MB): peak = 2795.184 ; gain = 0.000 ; free physical = 6292 ; free virtual = 26646
Writing XDEF routing.
Writing XDEF routing logical nets.
Writing XDEF routing special nets.
Wrote RouteStorage: Time (s): cpu = 00:00:00.04 ; elapsed = 00:00:00.02 . Memory (MB): peak = 2795.184 ; gain = 0.000 ; free physical = 6292 ; free virtual = 26646
Wrote Netlist Cache: Time (s): cpu = 00:00:00 ; elapsed = 00:00:00 . Memory (MB): peak = 2795.184 ; gain = 0.000 ; free physical = 6292 ; free virtual = 26646
Wrote Device Cache: Time (s): cpu = 00:00:00.01 ; elapsed = 00:00:00 . Memory (MB): peak = 2795.184 ; gain = 0.000 ; free physical = 6292 ; free virtual = 26647
Write Physdb Complete: Time (s): cpu = 00:00:00.06 ; elapsed = 00:00:00.02 . Memory (MB): peak = 2795.184 ; gain = 0.000 ; free physical = 6292 ; free virtual = 26647
INFO: [Common 17-1381] The checkpoint '/home/mysimp/RF_project/RF_project.runs/impl_1/top_module_opt.dcp' has been generated.
Command: place_design
Attempting to get a license for feature 'Implementation' and/or device 'xc7z010'
INFO: [Common 17-349] Got license for feature 'Implementation' and/or device 'xc7z010'
INFO: [Common 17-83] Releasing license: Implementation
INFO: [DRC 23-27] Running DRC with 8 threads
INFO: [Vivado_Tcl 4-198] DRC finished with 0 Errors
INFO: [Vivado_Tcl 4-199] Please refer to the DRC report (report_drc) for more information.
Running DRC as a precondition to command place_design
INFO: [DRC 23-27] Running DRC with 8 threads
INFO: [Vivado_Tcl 4-198] DRC finished with 0 Errors
INFO: [Vivado_Tcl 4-199] Please refer to the DRC report (report_drc) for more information.
INFO: [Place 30-611] Multithreading enabled for place_design using a maximum of 8 CPUs

Starting Placer Task

Phase 1 Placer Initialization

Phase 1.1 Placer Initialization Netlist Sorting
Netlist sorting complete. Time (s): cpu = 00:00:00 ; elapsed = 00:00:00 . Memory (MB): peak = 2814.238 ; gain = 0.000 ; free physical = 6268 ; free virtual = 26621
Phase 1.1 Placer Initialization Netlist Sorting | Checksum: cb42fcb4

Time (s): cpu = 00:00:00 ; elapsed = 00:00:00 . Memory (MB): peak = 2814.238 ; gain = 0.000 ; free physical = 6268 ; free virtual = 26621
Netlist sorting complete. Time (s): cpu = 00:00:00 ; elapsed = 00:00:00 . Memory (MB): peak = 2814.238 ; gain = 0.000 ; free physical = 6268 ; free virtual = 26621

Phase 1.2 IO Placement/ Clock Placement/ Build Placer Device
INFO: [Timing 38-35] Done setting XDC timing constraints.
Phase 1.2 IO Placement/ Clock Placement/ Build Placer Device | Checksum: 1ae8a8be3

Time (s): cpu = 00:00:00.49 ; elapsed = 00:00:00.08 . Memory (MB): peak = 2814.238 ; gain = 0.000 ; free physical = 6260 ; free virtual = 26614

Phase 1.3 Build Placer Netlist Model
Phase 1.3 Build Placer Netlist Model | Checksum: 1b24bf320

Time (s): cpu = 00:00:00.89 ; elapsed = 00:00:00.14 . Memory (MB): peak = 2846.254 ; gain = 32.016 ; free physical = 6258 ; free virtual = 26612

Phase 1.4 Constrain Clocks/Macros
Phase 1.4 Constrain Clocks/Macros | Checksum: 1b24bf320

Time (s): cpu = 00:00:00.89 ; elapsed = 00:00:00.14 . Memory (MB): peak = 2846.254 ; gain = 32.016 ; free physical = 6258 ; free virtual = 26612
Phase 1 Placer Initialization | Checksum: 1b24bf320

Time (s): cpu = 00:00:00.89 ; elapsed = 00:00:00.14 . Memory (MB): peak = 2846.254 ; gain = 32.016 ; free physical = 6258 ; free virtual = 26612

Phase 2 Global Placement

Phase 2.1 Floorplanning
Phase 2.1 Floorplanning | Checksum: 232cda2eb

Time (s): cpu = 00:00:01 ; elapsed = 00:00:00.18 . Memory (MB): peak = 2846.254 ; gain = 32.016 ; free physical = 6237 ; free virtual = 26591

Phase 2.2 Update Timing before SLR Path Opt
Phase 2.2 Update Timing before SLR Path Opt | Checksum: 25c349f5b

Time (s): cpu = 00:00:01 ; elapsed = 00:00:00.21 . Memory (MB): peak = 2846.254 ; gain = 32.016 ; free physical = 6323 ; free virtual = 26677

Phase 2.3 Post-Processing in Floorplanning
Phase 2.3 Post-Processing in Floorplanning | Checksum: 25c349f5b

Time (s): cpu = 00:00:01 ; elapsed = 00:00:00.21 . Memory (MB): peak = 2846.254 ; gain = 32.016 ; free physical = 6323 ; free virtual = 26677

Phase 2.4 Global Place Phase1
Phase 2.4 Global Place Phase1 | Checksum: 2a46a7d24

Time (s): cpu = 00:00:05 ; elapsed = 00:00:01 . Memory (MB): peak = 2854.258 ; gain = 40.020 ; free physical = 6345 ; free virtual = 26699

Phase 2.5 Global Place Phase2

Phase 2.5.1 UpdateTiming Before Physical Synthesis
Phase 2.5.1 UpdateTiming Before Physical Synthesis | Checksum: 2a46a7d24

Time (s): cpu = 00:00:05 ; elapsed = 00:00:01 . Memory (MB): peak = 2854.258 ; gain = 40.020 ; free physical = 6347 ; free virtual = 26700

Phase 2.5.2 Physical Synthesis In Placer
INFO: [Physopt 32-1035] Found 0 LUTNM shape to break, 2 LUT instances to create LUTNM shape
INFO: [Physopt 32-1044] Break lutnm for timing: one critical 0, two critical 0, total 0, new lutff created 0
INFO: [Physopt 32-1138] End 1 Pass. Optimized 1 net or LUT. Breaked 0 LUT, combined 1 existing LUT and moved 0 existing LUT
INFO: [Physopt 32-65] No nets found for high-fanout optimization.
INFO: [Physopt 32-232] Optimized 0 net. Created 0 new instance.
INFO: [Physopt 32-775] End 1 Pass. Optimized 0 net or cell. Created 0 new cell, deleted 0 existing cell and moved 0 existing cell
INFO: [Physopt 32-670] No setup violation found.  DSP Register Optimization was not performed.
INFO: [Physopt 32-670] No setup violation found.  Shift Register to Pipeline Optimization was not performed.
INFO: [Physopt 32-670] No setup violation found.  Shift Register Optimization was not performed.
INFO: [Physopt 32-670] No setup violation found.  BRAM Register Optimization was not performed.
INFO: [Physopt 32-670] No setup violation found.  URAM Register Optimization was not performed.
INFO: [Physopt 32-949] No candidate nets found for dynamic/static region interface net replication
INFO: [Physopt 32-775] End 1 Pass. Optimized 0 net or cell. Created 0 new cell, deleted 0 existing cell and moved 0 existing cell
Netlist sorting complete. Time (s): cpu = 00:00:00 ; elapsed = 00:00:00 . Memory (MB): peak = 2854.258 ; gain = 0.000 ; free physical = 6345 ; free virtual = 26699

Summary of Physical Synthesis Optimizations
============================================


-----------------------------------------------------------------------------------------------------------------------------------------------------------
|  Optimization                                     |  Added Cells  |  Removed Cells  |  Optimized Cells/Nets  |  Dont Touch  |  Iterations  |  Elapsed   |
-----------------------------------------------------------------------------------------------------------------------------------------------------------
|  LUT Combining                                    |            0  |              1  |                     1  |           0  |           1  |  00:00:00  |
|  Retime                                           |            0  |              0  |                     0  |           0  |           1  |  00:00:00  |
|  Very High Fanout                                 |            0  |              0  |                     0  |           0  |           1  |  00:00:00  |
|  DSP Register                                     |            0  |              0  |                     0  |           0  |           0  |  00:00:00  |
|  Shift Register to Pipeline                       |            0  |              0  |                     0  |           0  |           0  |  00:00:00  |
|  Shift Register                                   |            0  |              0  |                     0  |           0  |           0  |  00:00:00  |
|  BRAM Register                                    |            0  |              0  |                     0  |           0  |           0  |  00:00:00  |
|  URAM Register                                    |            0  |              0  |                     0  |           0  |           0  |  00:00:00  |
|  Dynamic/Static Region Interface Net Replication  |            0  |              0  |                     0  |           0  |           1  |  00:00:00  |
|  Total                                            |            0  |              1  |                     1  |           0  |           4  |  00:00:00  |
-----------------------------------------------------------------------------------------------------------------------------------------------------------


Phase 2.5.2 Physical Synthesis In Placer | Checksum: 21f37f99f

Time (s): cpu = 00:00:05 ; elapsed = 00:00:01 . Memory (MB): peak = 2854.258 ; gain = 40.020 ; free physical = 6345 ; free virtual = 26699
Phase 2.5 Global Place Phase2 | Checksum: 1a6e2615e

Time (s): cpu = 00:00:05 ; elapsed = 00:00:01 . Memory (MB): peak = 2854.258 ; gain = 40.020 ; free physical = 6345 ; free virtual = 26699
Phase 2 Global Placement | Checksum: 1a6e2615e

Time (s): cpu = 00:00:05 ; elapsed = 00:00:01 . Memory (MB): peak = 2854.258 ; gain = 40.020 ; free physical = 6345 ; free virtual = 26699

Phase 3 Detail Placement

Phase 3.1 Commit Multi Column Macros
Phase 3.1 Commit Multi Column Macros | Checksum: 23d3578d4

Time (s): cpu = 00:00:06 ; elapsed = 00:00:01 . Memory (MB): peak = 2854.258 ; gain = 40.020 ; free physical = 6345 ; free virtual = 26699

Phase 3.2 Commit Most Macros & LUTRAMs
Phase 3.2 Commit Most Macros & LUTRAMs | Checksum: 20c1467b7

Time (s): cpu = 00:00:06 ; elapsed = 00:00:01 . Memory (MB): peak = 2854.258 ; gain = 40.020 ; free physical = 6345 ; free virtual = 26699

Phase 3.3 Area Swap Optimization
Phase 3.3 Area Swap Optimization | Checksum: 2a07a576c

Time (s): cpu = 00:00:06 ; elapsed = 00:00:01 . Memory (MB): peak = 2854.258 ; gain = 40.020 ; free physical = 6345 ; free virtual = 26699

Phase 3.4 Pipeline Register Optimization
Phase 3.4 Pipeline Register Optimization | Checksum: 27b213b88

Time (s): cpu = 00:00:06 ; elapsed = 00:00:01 . Memory (MB): peak = 2854.258 ; gain = 40.020 ; free physical = 6345 ; free virtual = 26699

Phase 3.5 Small Shape Detail Placement
Phase 3.5 Small Shape Detail Placement | Checksum: 2b97b567a

Time (s): cpu = 00:00:06 ; elapsed = 00:00:01 . Memory (MB): peak = 2854.258 ; gain = 40.020 ; free physical = 6343 ; free virtual = 26697

Phase 3.6 Re-assign LUT pins
Phase 3.6 Re-assign LUT pins | Checksum: 277aff838

Time (s): cpu = 00:00:06 ; elapsed = 00:00:01 . Memory (MB): peak = 2854.258 ; gain = 40.020 ; free physical = 6343 ; free virtual = 26697

Phase 3.7 Pipeline Register Optimization
Phase 3.7 Pipeline Register Optimization | Checksum: 2b10a945c

Time (s): cpu = 00:00:06 ; elapsed = 00:00:01 . Memory (MB): peak = 2854.258 ; gain = 40.020 ; free physical = 6343 ; free virtual = 26697
Phase 3 Detail Placement | Checksum: 2b10a945c

Time (s): cpu = 00:00:06 ; elapsed = 00:00:01 . Memory (MB): peak = 2854.258 ; gain = 40.020 ; free physical = 6343 ; free virtual = 26697

Phase 4 Post Placement Optimization and Clean-Up

Phase 4.1 Post Commit Optimization
INFO: [Timing 38-35] Done setting XDC timing constraints.

Phase 4.1.1 Post Placement Optimization
Post Placement Optimization Initialization | Checksum: 172ab3d91

Phase 4.1.1.1 BUFG Insertion

Starting Physical Synthesis Task

Phase 1 Physical Synthesis Initialization
INFO: [Physopt 32-721] Multithreading enabled for phys_opt_design using a maximum of 8 CPUs
INFO: [Physopt 32-619] Estimated Timing Summary | WNS=13.884 | TNS=0.000 |
Phase 1 Physical Synthesis Initialization | Checksum: 6c2190d9

Time (s): cpu = 00:00:00.03 ; elapsed = 00:00:00 . Memory (MB): peak = 2854.258 ; gain = 0.000 ; free physical = 6343 ; free virtual = 26697
INFO: [Place 46-56] BUFG insertion identified 0 candidate nets. Inserted BUFG: 0, Replicated BUFG Driver: 0, Skipped due to Placement/Routing Conflicts: 0, Skipped due to Timing Degradation: 0, Skipped due to netlist editing failed: 0.
Ending Physical Synthesis Task | Checksum: 15025d7ed

Time (s): cpu = 00:00:00.04 ; elapsed = 00:00:00 . Memory (MB): peak = 2854.258 ; gain = 0.000 ; free physical = 6343 ; free virtual = 26697
Phase 4.1.1.1 BUFG Insertion | Checksum: 172ab3d91

Time (s): cpu = 00:00:06 ; elapsed = 00:00:01 . Memory (MB): peak = 2854.258 ; gain = 40.020 ; free physical = 6343 ; free virtual = 26697

Phase 4.1.1.2 Post Placement Timing Optimization
INFO: [Place 30-746] Post Placement Timing Summary WNS=13.884. For the most accurate timing information please run report_timing.
Phase 4.1.1.2 Post Placement Timing Optimization | Checksum: 13d4cb7c6

Time (s): cpu = 00:00:07 ; elapsed = 00:00:01 . Memory (MB): peak = 2854.258 ; gain = 40.020 ; free physical = 6343 ; free virtual = 26697

Time (s): cpu = 00:00:07 ; elapsed = 00:00:01 . Memory (MB): peak = 2854.258 ; gain = 40.020 ; free physical = 6343 ; free virtual = 26697
Phase 4.1 Post Commit Optimization | Checksum: 13d4cb7c6

Time (s): cpu = 00:00:07 ; elapsed = 00:00:01 . Memory (MB): peak = 2854.258 ; gain = 40.020 ; free physical = 6343 ; free virtual = 26697

Phase 4.2 Post Placement Cleanup
Phase 4.2 Post Placement Cleanup | Checksum: 13d4cb7c6

Time (s): cpu = 00:00:07 ; elapsed = 00:00:01 . Memory (MB): peak = 2854.258 ; gain = 40.020 ; free physical = 6343 ; free virtual = 26697

Phase 4.3 Placer Reporting

Phase 4.3.1 Print Estimated Congestion
INFO: [Place 30-612] Post-Placement Estimated Congestion 
 ____________________________________________________
|           | Global Congestion | Short Congestion  |
| Direction | Region Size       | Region Size       |
|___________|___________________|___________________|
|      North|                1x1|                1x1|
|___________|___________________|___________________|
|      South|                1x1|                1x1|
|___________|___________________|___________________|
|       East|                1x1|                1x1|
|___________|___________________|___________________|
|       West|                1x1|                1x1|
|___________|___________________|___________________|

Phase 4.3.1 Print Estimated Congestion | Checksum: 13d4cb7c6

Time (s): cpu = 00:00:07 ; elapsed = 00:00:01 . Memory (MB): peak = 2854.258 ; gain = 40.020 ; free physical = 6343 ; free virtual = 26697
Phase 4.3 Placer Reporting | Checksum: 13d4cb7c6

Time (s): cpu = 00:00:07 ; elapsed = 00:00:01 . Memory (MB): peak = 2854.258 ; gain = 40.020 ; free physical = 6343 ; free virtual = 26697

Phase 4.4 Final Placement Cleanup
Netlist sorting complete. Time (s): cpu = 00:00:00 ; elapsed = 00:00:00 . Memory (MB): peak = 2854.258 ; gain = 0.000 ; free physical = 6343 ; free virtual = 26696

Time (s): cpu = 00:00:07 ; elapsed = 00:00:01 . Memory (MB): peak = 2854.258 ; gain = 40.020 ; free physical = 6343 ; free virtual = 26696
Phase 4 Post Placement Optimization and Clean-Up | Checksum: 1c08676dd

Time (s): cpu = 00:00:07 ; elapsed = 00:00:01 . Memory (MB): peak = 2854.258 ; gain = 40.020 ; free physical = 6343 ; free virtual = 26696
Ending Placer Task | Checksum: 1ba7127b6

Time (s): cpu = 00:00:07 ; elapsed = 00:00:01 . Memory (MB): peak = 2854.258 ; gain = 40.020 ; free physical = 6343 ; free virtual = 26696
64 Infos, 0 Warnings, 0 Critical Warnings and 0 Errors encountered.
place_design completed successfully
INFO: [Vivado 12-24838] Running report commands "report_control_sets, report_io, report_utilization" in parallel.
Running report generation with 3 threads.
INFO: [Vivado 12-24828] Executing command : report_control_sets -verbose -file top_module_control_sets_placed.rpt
report_control_sets: Time (s): cpu = 00:00:00.03 ; elapsed = 00:00:00.04 . Memory (MB): peak = 2854.258 ; gain = 0.000 ; free physical = 6319 ; free virtual = 26672
INFO: [Vivado 12-24828] Executing command : report_utilization -file top_module_utilization_placed.rpt -pb top_module_utilization_placed.pb
INFO: [Vivado 12-24828] Executing command : report_io -file top_module_io_placed.rpt
report_io: Time (s): cpu = 00:00:00.13 ; elapsed = 00:00:00.11 . Memory (MB): peak = 2854.258 ; gain = 0.000 ; free physical = 6302 ; free virtual = 26656
INFO: [Timing 38-480] Writing timing data to binary archive.
Write ShapeDB Complete: Time (s): cpu = 00:00:00 ; elapsed = 00:00:00 . Memory (MB): peak = 2854.258 ; gain = 0.000 ; free physical = 6302 ; free virtual = 26656
Wrote PlaceDB: Time (s): cpu = 00:00:00.03 ; elapsed = 00:00:00.01 . Memory (MB): peak = 2854.258 ; gain = 0.000 ; free physical = 6301 ; free virtual = 26655
Wrote PulsedLatchDB: Time (s): cpu = 00:00:00 ; elapsed = 00:00:00 . Memory (MB): peak = 2854.258 ; gain = 0.000 ; free physical = 6301 ; free virtual = 26655
Writing XDEF routing.
Writing XDEF routing logical nets.
Writing XDEF routing special nets.
Wrote RouteStorage: Time (s): cpu = 00:00:00.03 ; elapsed = 00:00:00.01 . Memory (MB): peak = 2854.258 ; gain = 0.000 ; free physical = 6300 ; free virtual = 26654
Wrote Netlist Cache: Time (s): cpu = 00:00:00 ; elapsed = 00:00:00 . Memory (MB): peak = 2854.258 ; gain = 0.000 ; free physical = 6300 ; free virtual = 26654
Wrote Device Cache: Time (s): cpu = 00:00:00.01 ; elapsed = 00:00:00.01 . Memory (MB): peak = 2854.258 ; gain = 0.000 ; free physical = 6299 ; free virtual = 26654
Write Physdb Complete: Time (s): cpu = 00:00:00.07 ; elapsed = 00:00:00.03 . Memory (MB): peak = 2854.258 ; gain = 0.000 ; free physical = 6299 ; free virtual = 26654
INFO: [Common 17-1381] The checkpoint '/home/mysimp/RF_project/RF_project.runs/impl_1/top_module_placed.dcp' has been generated.
Command: phys_opt_design
Attempting to get a license for feature 'Implementation' and/or device 'xc7z010'
INFO: [Common 17-349] Got license for feature 'Implementation' and/or device 'xc7z010'

Starting Initial Update Timing Task

Time (s): cpu = 00:00:00.03 ; elapsed = 00:00:00.03 . Memory (MB): peak = 2854.258 ; gain = 0.000 ; free physical = 6289 ; free virtual = 26644
INFO: [Vivado_Tcl 4-2279] Estimated Timing Summary | WNS= 13.884 | TNS= 0.000 | 
INFO: [Vivado_Tcl 4-383] Design worst setup slack (WNS) is greater than or equal to 0.000 ns. All physical synthesis setup optimizations will be skipped.
INFO: [Vivado_Tcl 4-232] No setup violation found. The netlist was not modified.
INFO: [Common 17-83] Releasing license: Implementation
75 Infos, 0 Warnings, 0 Critical Warnings and 0 Errors encountered.
phys_opt_design completed successfully
INFO: [Timing 38-480] Writing timing data to binary archive.
Write ShapeDB Complete: Time (s): cpu = 00:00:00.01 ; elapsed = 00:00:00.01 . Memory (MB): peak = 2854.258 ; gain = 0.000 ; free physical = 6285 ; free virtual = 26639
Wrote PlaceDB: Time (s): cpu = 00:00:00.01 ; elapsed = 00:00:00.01 . Memory (MB): peak = 2854.258 ; gain = 0.000 ; free physical = 6281 ; free virtual = 26635
Wrote PulsedLatchDB: Time (s): cpu = 00:00:00 ; elapsed = 00:00:00 . Memory (MB): peak = 2854.258 ; gain = 0.000 ; free physical = 6281 ; free virtual = 26635
Writing XDEF routing.
Writing XDEF routing logical nets.
Writing XDEF routing special nets.
Wrote RouteStorage: Time (s): cpu = 00:00:00.03 ; elapsed = 00:00:00.02 . Memory (MB): peak = 2854.258 ; gain = 0.000 ; free physical = 6281 ; free virtual = 26635
Wrote Netlist Cache: Time (s): cpu = 00:00:00 ; elapsed = 00:00:00 . Memory (MB): peak = 2854.258 ; gain = 0.000 ; free physical = 6281 ; free virtual = 26635
Wrote Device Cache: Time (s): cpu = 00:00:00.01 ; elapsed = 00:00:00 . Memory (MB): peak = 2854.258 ; gain = 0.000 ; free physical = 6281 ; free virtual = 26636
Write Physdb Complete: Time (s): cpu = 00:00:00.05 ; elapsed = 00:00:00.03 . Memory (MB): peak = 2854.258 ; gain = 0.000 ; free physical = 6281 ; free virtual = 26636
INFO: [Common 17-1381] The checkpoint '/home/mysimp/RF_project/RF_project.runs/impl_1/top_module_physopt.dcp' has been generated.
Command: route_design
Attempting to get a license for feature 'Implementation' and/or device 'xc7z010'
INFO: [Common 17-349] Got license for feature 'Implementation' and/or device 'xc7z010'


Starting Routing Task
INFO: [Route 35-254] Multithreading enabled for route_design using a maximum of 8 CPUs

Phase 1 Build RT Design
Checksum: PlaceDB: b5dfc4db ConstDB: 0 ShapeSum: 9af90bb0 RouteDB: 6998572b
Post Restoration Checksum: NetGraph: 34a1d838 | NumContArr: c73d2c81 | Constraints: c2a8fa9d | Timing: c2a8fa9d
Phase 1 Build RT Design | Checksum: 28130f9f3

Time (s): cpu = 00:00:06 ; elapsed = 00:00:05 . Memory (MB): peak = 2896.117 ; gain = 41.859 ; free physical = 6194 ; free virtual = 26549

Phase 2 Router Initialization

Phase 2.1 Fix Topology Constraints
Phase 2.1 Fix Topology Constraints | Checksum: 28130f9f3

Time (s): cpu = 00:00:06 ; elapsed = 00:00:05 . Memory (MB): peak = 2896.117 ; gain = 41.859 ; free physical = 6194 ; free virtual = 26549

Phase 2.2 Pre Route Cleanup
Phase 2.2 Pre Route Cleanup | Checksum: 28130f9f3

Time (s): cpu = 00:00:06 ; elapsed = 00:00:05 . Memory (MB): peak = 2896.117 ; gain = 41.859 ; free physical = 6194 ; free virtual = 26549
 Number of Nodes with overlaps = 0

Phase 2.3 Update Timing
Phase 2.3 Update Timing | Checksum: 27c4ff72a

Time (s): cpu = 00:00:06 ; elapsed = 00:00:05 . Memory (MB): peak = 2924.180 ; gain = 69.922 ; free physical = 6180 ; free virtual = 26535
INFO: [Route 35-416] Intermediate Timing Summary | WNS=13.937 | TNS=0.000  | WHS=-0.110 | THS=-2.150 |


Phase 2.4 Soft Constraint Pins - Fast Budgeting
Phase 2.4 Soft Constraint Pins - Fast Budgeting | Checksum: 1a559f0aa

Time (s): cpu = 00:00:06 ; elapsed = 00:00:05 . Memory (MB): peak = 2940.180 ; gain = 85.922 ; free physical = 6171 ; free virtual = 26526

Router Utilization Summary
  Global Vertical Routing Utilization    = 0 %
  Global Horizontal Routing Utilization  = 0 %
  Routable Net Status*
  *Does not include unroutable nets such as driverless and loadless.
  Run report_route_status for detailed report.
  Number of Failed Nets               = 257
    (Failed Nets is the sum of unrouted and partially routed nets)
  Number of Unrouted Nets             = 257
  Number of Partially Routed Nets     = 0
  Number of Node Overlaps             = 0

Phase 2 Router Initialization | Checksum: 1a559f0aa

Time (s): cpu = 00:00:06 ; elapsed = 00:00:05 . Memory (MB): peak = 2940.180 ; gain = 85.922 ; free physical = 6170 ; free virtual = 26525

Phase 3 Global Routing
Phase 3 Global Routing | Checksum: 1a559f0aa

Time (s): cpu = 00:00:06 ; elapsed = 00:00:05 . Memory (MB): peak = 2940.180 ; gain = 85.922 ; free physical = 6170 ; free virtual = 26525

Phase 4 Initial Routing

Phase 4.1 Initial Net Routing Pass
Phase 4.1 Initial Net Routing Pass | Checksum: 206450a14

Time (s): cpu = 00:00:07 ; elapsed = 00:00:05 . Memory (MB): peak = 2940.180 ; gain = 85.922 ; free physical = 6170 ; free virtual = 26524
Phase 4 Initial Routing | Checksum: 206450a14

Time (s): cpu = 00:00:07 ; elapsed = 00:00:05 . Memory (MB): peak = 2940.180 ; gain = 85.922 ; free physical = 6170 ; free virtual = 26524

Phase 5 Rip-up And Reroute

Phase 5.1 Global Iteration 0
 Number of Nodes with overlaps = 24
 Number of Nodes with overlaps = 0
INFO: [Route 35-416] Intermediate Timing Summary | WNS=12.852 | TNS=0.000  | WHS=N/A    | THS=N/A    |

Phase 5.1 Global Iteration 0 | Checksum: 2db94d7bf

Time (s): cpu = 00:00:07 ; elapsed = 00:00:06 . Memory (MB): peak = 2940.180 ; gain = 85.922 ; free physical = 6170 ; free virtual = 26524
Phase 5 Rip-up And Reroute | Checksum: 2db94d7bf

Time (s): cpu = 00:00:07 ; elapsed = 00:00:06 . Memory (MB): peak = 2940.180 ; gain = 85.922 ; free physical = 6170 ; free virtual = 26524

Phase 6 Delay and Skew Optimization

Phase 6.1 Delay CleanUp

Phase 6.1.1 Update Timing
Phase 6.1.1 Update Timing | Checksum: 2f7bad2c4

Time (s): cpu = 00:00:07 ; elapsed = 00:00:06 . Memory (MB): peak = 2940.180 ; gain = 85.922 ; free physical = 6170 ; free virtual = 26524
INFO: [Route 35-416] Intermediate Timing Summary | WNS=12.967 | TNS=0.000  | WHS=N/A    | THS=N/A    |

Phase 6.1 Delay CleanUp | Checksum: 2f7bad2c4

Time (s): cpu = 00:00:07 ; elapsed = 00:00:06 . Memory (MB): peak = 2940.180 ; gain = 85.922 ; free physical = 6170 ; free virtual = 26524

Phase 6.2 Clock Skew Optimization
Phase 6.2 Clock Skew Optimization | Checksum: 2f7bad2c4

Time (s): cpu = 00:00:07 ; elapsed = 00:00:06 . Memory (MB): peak = 2940.180 ; gain = 85.922 ; free physical = 6170 ; free virtual = 26524
Phase 6 Delay and Skew Optimization | Checksum: 2f7bad2c4

Time (s): cpu = 00:00:07 ; elapsed = 00:00:06 . Memory (MB): peak = 2940.180 ; gain = 85.922 ; free physical = 6170 ; free virtual = 26524

Phase 7 Post Hold Fix

Phase 7.1 Hold Fix Iter
INFO: [Route 35-416] Intermediate Timing Summary | WNS=12.967 | TNS=0.000  | WHS=0.184  | THS=0.000  |

Phase 7.1 Hold Fix Iter | Checksum: 2f7622acf

Time (s): cpu = 00:00:07 ; elapsed = 00:00:06 . Memory (MB): peak = 2940.180 ; gain = 85.922 ; free physical = 6170 ; free virtual = 26524
Phase 7 Post Hold Fix | Checksum: 2f7622acf

Time (s): cpu = 00:00:07 ; elapsed = 00:00:06 . Memory (MB): peak = 2940.180 ; gain = 85.922 ; free physical = 6170 ; free virtual = 26524

Phase 8 Route finalize

Router Utilization Summary
  Global Vertical Routing Utilization    = 0.0789696 %
  Global Horizontal Routing Utilization  = 0.0900735 %
  Routable Net Status*
  *Does not include unroutable nets such as driverless and loadless.
  Run report_route_status for detailed report.
  Number of Failed Nets               = 0
    (Failed Nets is the sum of unrouted and partially routed nets)
  Number of Unrouted Nets             = 0
  Number of Partially Routed Nets     = 0
  Number of Node Overlaps             = 0

Phase 8 Route finalize | Checksum: 2f7622acf

Time (s): cpu = 00:00:07 ; elapsed = 00:00:06 . Memory (MB): peak = 2940.180 ; gain = 85.922 ; free physical = 6170 ; free virtual = 26524

Phase 9 Verifying routed nets

 Verification completed successfully
Phase 9 Verifying routed nets | Checksum: 2f7622acf

Time (s): cpu = 00:00:07 ; elapsed = 00:00:06 . Memory (MB): peak = 2940.180 ; gain = 85.922 ; free physical = 6170 ; free virtual = 26524

Phase 10 Depositing Routes
Phase 10 Depositing Routes | Checksum: 316d49090

Time (s): cpu = 00:00:07 ; elapsed = 00:00:06 . Memory (MB): peak = 2940.180 ; gain = 85.922 ; free physical = 6168 ; free virtual = 26523

Phase 11 Post Process Routing
Phase 11 Post Process Routing | Checksum: 316d49090

Time (s): cpu = 00:00:07 ; elapsed = 00:00:06 . Memory (MB): peak = 2940.180 ; gain = 85.922 ; free physical = 6168 ; free virtual = 26523

Phase 12 Post Router Timing
INFO: [Route 35-57] Estimated Timing Summary | WNS=12.967 | TNS=0.000  | WHS=0.184  | THS=0.000  |

INFO: [Route 35-327] The final timing numbers are based on the router estimated timing analysis. For a complete and accurate timing signoff, please run report_timing_summary.
Phase 12 Post Router Timing | Checksum: 316d49090

Time (s): cpu = 00:00:07 ; elapsed = 00:00:06 . Memory (MB): peak = 2940.180 ; gain = 85.922 ; free physical = 6168 ; free virtual = 26523
Total Elapsed time in route_design: 5.58 secs

Phase 13 Post-Route Event Processing
Phase 13 Post-Route Event Processing | Checksum: dda8fb8c

Time (s): cpu = 00:00:07 ; elapsed = 00:00:06 . Memory (MB): peak = 2940.180 ; gain = 85.922 ; free physical = 6168 ; free virtual = 26523
INFO: [Route 35-16] Router Completed Successfully
Ending Routing Task | Checksum: dda8fb8c

Time (s): cpu = 00:00:07 ; elapsed = 00:00:06 . Memory (MB): peak = 2940.180 ; gain = 85.922 ; free physical = 6168 ; free virtual = 26523

Routing Is Done.
INFO: [Common 17-83] Releasing license: Implementation
87 Infos, 0 Warnings, 0 Critical Warnings and 0 Errors encountered.
route_design completed successfully
route_design: Time (s): cpu = 00:00:07 ; elapsed = 00:00:06 . Memory (MB): peak = 2940.180 ; gain = 85.922 ; free physical = 6168 ; free virtual = 26523
INFO: [Vivado 12-24828] Executing command : report_drc -file top_module_drc_routed.rpt -pb top_module_drc_routed.pb -rpx top_module_drc_routed.rpx
Command: report_drc -file top_module_drc_routed.rpt -pb top_module_drc_routed.pb -rpx top_module_drc_routed.rpx
INFO: [IP_Flow 19-1839] IP Catalog is up to date.
INFO: [DRC 23-27] Running DRC with 8 threads
INFO: [Vivado_Tcl 2-168] The results of DRC are in file /home/mysimp/RF_project/RF_project.runs/impl_1/top_module_drc_routed.rpt.
report_drc completed successfully
INFO: [Vivado 12-24828] Executing command : report_methodology -file top_module_methodology_drc_routed.rpt -pb top_module_methodology_drc_routed.pb -rpx top_module_methodology_drc_routed.rpx
Command: report_methodology -file top_module_methodology_drc_routed.rpt -pb top_module_methodology_drc_routed.pb -rpx top_module_methodology_drc_routed.rpx
INFO: [Timing 38-35] Done setting XDC timing constraints.
INFO: [DRC 23-133] Running Methodology with 8 threads
INFO: [Vivado_Tcl 2-1520] The results of Report Methodology are in file /home/mysimp/RF_project/RF_project.runs/impl_1/top_module_methodology_drc_routed.rpt.
report_methodology completed successfully
INFO: [Vivado 12-24828] Executing command : report_timing_summary -max_paths 10 -routable_nets -report_unconstrained -file top_module_timing_summary_routed.rpt -pb top_module_timing_summary_routed.pb -rpx top_module_timing_summary_routed.rpx -warn_on_violation 
INFO: [Timing 38-35] Done setting XDC timing constraints.
INFO: [Timing 38-91] UpdateTimingParams: Speed grade: -1, Delay Type: min_max.
INFO: [Timing 38-191] Multithreading enabled for timing update using a maximum of 8 CPUs
INFO: [Vivado 12-24838] Running report commands "report_bus_skew, report_incremental_reuse, report_route_status" in parallel.
Running report generation with 3 threads.
INFO: [Vivado 12-24828] Executing command : report_route_status -file top_module_route_status.rpt -pb top_module_route_status.pb
INFO: [Vivado 12-24828] Executing command : report_incremental_reuse -file top_module_incremental_reuse_routed.rpt
INFO: [Vivado_Tcl 4-1062] Incremental flow is disabled. No incremental reuse Info to report.
INFO: [Vivado 12-24828] Executing command : report_bus_skew -warn_on_violation -file top_module_bus_skew_routed.rpt -pb top_module_bus_skew_routed.pb -rpx top_module_bus_skew_routed.rpx
INFO: [Timing 38-91] UpdateTimingParams: Speed grade: -1, Delay Type: min_max.
INFO: [Timing 38-191] Multithreading enabled for timing update using a maximum of 8 CPUs
INFO: [Vivado 12-24828] Executing command : report_power -file top_module_power_routed.rpt -pb top_module_power_summary_routed.pb -rpx top_module_power_routed.rpx
Command: report_power -file top_module_power_routed.rpt -pb top_module_power_summary_routed.pb -rpx top_module_power_routed.rpx
Running Vector-less Activity Propagation...

Finished Running Vector-less Activity Propagation
107 Infos, 0 Warnings, 0 Critical Warnings and 0 Errors encountered.
report_power completed successfully
INFO: [Vivado 12-24828] Executing command : report_clock_utilization -file top_module_clock_utilization_routed.rpt
INFO: [Timing 38-480] Writing timing data to binary archive.
Write ShapeDB Complete: Time (s): cpu = 00:00:00 ; elapsed = 00:00:00 . Memory (MB): peak = 3086.156 ; gain = 0.000 ; free physical = 6010 ; free virtual = 26365
Wrote PlaceDB: Time (s): cpu = 00:00:00.03 ; elapsed = 00:00:00 . Memory (MB): peak = 3086.156 ; gain = 0.000 ; free physical = 6010 ; free virtual = 26365
Wrote PulsedLatchDB: Time (s): cpu = 00:00:00 ; elapsed = 00:00:00 . Memory (MB): peak = 3086.156 ; gain = 0.000 ; free physical = 6010 ; free virtual = 26365
Writing XDEF routing.
Writing XDEF routing logical nets.
Writing XDEF routing special nets.
Wrote RouteStorage: Time (s): cpu = 00:00:00.03 ; elapsed = 00:00:00.02 . Memory (MB): peak = 3086.156 ; gain = 0.000 ; free physical = 6010 ; free virtual = 26366
Wrote Netlist Cache: Time (s): cpu = 00:00:00 ; elapsed = 00:00:00 . Memory (MB): peak = 3086.156 ; gain = 0.000 ; free physical = 6010 ; free virtual = 26366
Wrote Device Cache: Time (s): cpu = 00:00:00.01 ; elapsed = 00:00:00 . Memory (MB): peak = 3086.156 ; gain = 0.000 ; free physical = 6010 ; free virtual = 26366
Write Physdb Complete: Time (s): cpu = 00:00:00.08 ; elapsed = 00:00:00.03 . Memory (MB): peak = 3086.156 ; gain = 0.000 ; free physical = 6010 ; free virtual = 26366
INFO: [Common 17-1381] The checkpoint '/home/mysimp/RF_project/RF_project.runs/impl_1/top_module_routed.dcp' has been generated.
Command: write_bitstream -force top_module.bit
Attempting to get a license for feature 'Implementation' and/or device 'xc7z010'
INFO: [Common 17-349] Got license for feature 'Implementation' and/or device 'xc7z010'
Running DRC as a precondition to command write_bitstream
INFO: [IP_Flow 19-1839] IP Catalog is up to date.
INFO: [DRC 23-27] Running DRC with 8 threads
INFO: [Vivado 12-3199] DRC finished with 0 Errors
INFO: [Vivado 12-3200] Please refer to the DRC report (report_drc) for more information.
INFO: [Designutils 20-2272] Running write_bitstream with 8 threads.
Loading data files...
Loading site data...
Loading route data...
Processing options...
Creating bitmap...
Creating bitstream...
Writing bitstream ./top_module.bit...
INFO: [Vivado 12-1842] Bitgen Completed Successfully.
INFO: [Project 1-1876] WebTalk data collection is mandatory when using a ULT device. To see the specific WebTalk data collected for your design, open the usage_statistics_webtalk.html or usage_statistics_webtalk.xml file in the implementation directory.
INFO: [Common 17-83] Releasing license: Implementation
119 Infos, 0 Warnings, 0 Critical Warnings and 0 Errors encountered.
write_bitstream completed successfully
write_bitstream: Time (s): cpu = 00:00:10 ; elapsed = 00:00:24 . Memory (MB): peak = 3330.469 ; gain = 244.312 ; free physical = 5726 ; free virtual = 26084
INFO: [Common 17-206] Exiting Vivado at Fri Aug 14 02:00:43 2026...
