Copyright 1986-2022 Xilinx, Inc. All Rights Reserved. Copyright 2022-2025 Advanced Micro Devices, Inc. All Rights Reserved.
---------------------------------------------------------------------------------------------------------------------------------------------
| Tool Version : Vivado v.2025.1 (lin64) Build 6140274 Wed May 21 22:58:25 MDT 2025
| Date         : Fri Aug 14 02:00:10 2026
| Host         : 192 running 64-bit Debian GNU/Linux 13 (trixie)
| Command      : report_control_sets -verbose -file top_module_control_sets_placed.rpt
| Design       : top_module
| Device       : xc7z010
---------------------------------------------------------------------------------------------------------------------------------------------

Control Set Information

Table of Contents
-----------------
1. Summary
2. Histogram
3. Flip-Flop Distribution
4. Detailed Control Set Information

1. Summary
----------

+----------------------------------------------------------+-------+
|                          Status                          | Count |
+----------------------------------------------------------+-------+
| Total control sets                                       |    12 |
|    Minimum number of control sets                        |    12 |
|    Addition due to synthesis replication                 |     0 |
|    Addition due to physical synthesis replication        |     0 |
| Unused register locations in slices containing registers |    64 |
+----------------------------------------------------------+-------+
* Control sets can be merged at opt_design using control_set_merge or merge_equivalent_drivers
** Run report_qor_suggestions for automated merging and remapping suggestions


2. Histogram
------------

+--------------------+-------+
|       Fanout       | Count |
+--------------------+-------+
| Total control sets |    12 |
| >= 0 to < 4        |     5 |
| >= 4 to < 6        |     2 |
| >= 6 to < 8        |     0 |
| >= 8 to < 10       |     1 |
| >= 10 to < 12      |     1 |
| >= 12 to < 14      |     1 |
| >= 14 to < 16      |     0 |
| >= 16              |     2 |
+--------------------+-------+
* Control sets can be remapped at either synth_design or opt_design


3. Flip-Flop Distribution
-------------------------

+--------------+-----------------------+------------------------+-----------------+--------------+
| Clock Enable | Synchronous Set/Reset | Asynchronous Set/Reset | Total Registers | Total Slices |
+--------------+-----------------------+------------------------+-----------------+--------------+
| No           | No                    | No                     |              33 |           17 |
| No           | No                    | Yes                    |               0 |            0 |
| No           | Yes                   | No                     |              10 |            3 |
| Yes          | No                    | No                     |              21 |           12 |
| Yes          | No                    | Yes                    |               0 |            0 |
| Yes          | Yes                   | No                     |              32 |            8 |
+--------------+-----------------------+------------------------+-----------------+--------------+


4. Detailed Control Set Information
-----------------------------------

+----------------+----------------------------------------------------+------------------------------------------+------------------+----------------+--------------+
|  Clock Signal  |                    Enable Signal                   |             Set/Reset Signal             | Slice Load Count | Bel Load Count | Bels / Slice |
+----------------+----------------------------------------------------+------------------------------------------+------------------+----------------+--------------+
|  clk_IBUF_BUFG | dut_LCD_ST7735/counter[20]_i_2_n_0                 |                                          |                1 |              1 |         1.00 |
|  clk_IBUF_BUFG | dut_LCD_ST7735/LCD_CSX7_out                        |                                          |                1 |              1 |         1.00 |
|  clk_IBUF_BUFG | dut_LCD_ST7735/LCD_RESX5_out                       |                                          |                1 |              1 |         1.00 |
|  clk_IBUF_BUFG | dut_LCD_ST7735/LCD_SDA1_out                        |                                          |                1 |              1 |         1.00 |
|  clk_IBUF_BUFG | dut_LCD_ST7735/LCD_DCX3_out                        |                                          |                1 |              1 |         1.00 |
|  clk_IBUF_BUFG | dut_clk_module/E[0]                                |                                          |                2 |              4 |         2.00 |
|  clk_IBUF_BUFG | dut_LCD_ST7735/FSM_sequential_LCD_state[3]_i_1_n_0 |                                          |                1 |              4 |         4.00 |
|  clk_IBUF_BUFG | dut_LCD_ST7735/LCD_data[7]_i_1_n_0                 |                                          |                4 |              8 |         2.00 |
|  clk_IBUF_BUFG |                                                    | LCD_SCK_0                                |                3 |             10 |         3.33 |
|  clk_IBUF_BUFG | dut_LCD_ST7735/LCD_parameter[14]_i_2_n_0           | dut_LCD_ST7735/LCD_parameter[14]_i_1_n_0 |                3 |             12 |         4.00 |
|  clk_IBUF_BUFG | dut_LCD_ST7735/counter[20]_i_2_n_0                 | dut_LCD_ST7735/counter[20]_i_1_n_0       |                5 |             20 |         4.00 |
|  clk_IBUF_BUFG |                                                    |                                          |               17 |             33 |         1.94 |
+----------------+----------------------------------------------------+------------------------------------------+------------------+----------------+--------------+


