#-----------------------------------------------------------
# Vivado v2025.1 (64-bit)
# SW Build 6140274 on Wed May 21 22:58:25 MDT 2025
# IP Build 6138677 on Thu May 22 03:10:11 MDT 2025
# SharedData Build 6139179 on Tue May 20 17:58:58 MDT 2025
# Start of session at: Sat Aug 22 10:26:28 2026
# Process ID         : 5965
# Current directory  : /home/mysimp/RF_project/RF_project.runs/impl_1
# Command line       : vivado -log top_module.vdi -applog -product Vivado -messageDb vivado.pb -mode batch -source top_module.tcl -notrace
# Log file           : /home/mysimp/RF_project/RF_project.runs/impl_1/top_module.vdi
# Journal file       : /home/mysimp/RF_project/RF_project.runs/impl_1/vivado.jou
# Running On         : 192
# Platform           : Debian
# Operating System   : Debian GNU/Linux 13 (trixie)
# Processor Detail   : 13th Gen Intel(R) Core(TM) i5-13420H
# CPU Frequency      : 2099.055 MHz
# CPU Physical cores : 8
# CPU Logical cores  : 12
# Host memory        : 16486 MB
# Swap memory        : 16889 MB
# Total Virtual      : 33375 MB
# Available Virtual  : 29276 MB
#-----------------------------------------------------------
source top_module.tcl -notrace
